Please enter the game spec:
_-_,*-*,*6*,*4*,_-_;_2_,_-*,*8*,*-*,_3_;_3_,_5_,*7*,*-*,_-_;*-*,*4*,_4_,*-*,_-_;*-*,_-_,_-_,_-_,_1_
Agent A plays  

Game:

       0   1   2   3   4
     --- --- --- --- --- 
 0|    _   *  6*  4*   _
 1|   2_   *  8*   *  3_
 2|   3_  5_  7*   *   _
 3|    *  4*  4_   *   _
 4|    *   _   _   _  1_

Intitial view:

       0   1   2   3   4
     --- --- --- --- --- 
 0|   _-  *-  *6  *4  _-
 1|   _2  _-  *8  *-  _3
 2|   _3  _5  *7  *-  _-
 3|   *-  *4  _4  *-  _-
 4|   *-  _-  _-  _-  _1

Start!

       0   1   2   3   4
     --- --- --- --- --- 
 0|   _-  *-  *6  *4  _-
 1|   _2  _-  *8  *-  _3
 2|   _3  _5  *7  *-  _-
 3|   *-  *4  _4  *-  _-
 4|   *-  _-  _-  _-  _1


Result: Agent loses: Game terminated but incorrect 

