Please enter the game spec:
.1_,.3_,.-*,.2_,.-_;.-*,.-_,.-*,.3_,.-_;.3*,.-_,.3_,.5_,.-*;.4*,.-_,.3*,.-*,.-*;.-*,.-*,.3_,.4_,.-*
Agent B plays  

Game:

       0   1   2   3   4
     --- --- --- --- --- 
 0|   1_  3_   *  2_   _
 1|    *   _   *  3_   _
 2|   3*   _  3_  5_   *
 3|   4*   _  3*   *   *
 4|    *   *  3_  4_   *

Intitial view:

       0   1   2   3   4
     --- --- --- --- --- 
 0|   .1  .3  .-  .2  .-
 1|   .-  .-  .-  .3  .-
 2|   .3  .-  .3  .5  .-
 3|   .4  .-  .3  .-  .-
 4|   .-  .-  .3  .4  .-

Start!

       0   1   2   3   4
     --- --- --- --- --- 
 0|   .1  .3  .-  .2  .-
 1|   .-  .-  .-  .3  .-
 2|   .3  .-  .3  .5  .-
 3|   .4  .-  .3  .-  .-
 4|   .-  .-  .3  .4  .-


Result: Game not terminated but correct 

