Please enter the game spec:
.-*,.-*,.-_,.4_,.-*;.4_,.-*,.5*,.-*,.-*;.4*,.-_,.5_,.6*,.-*;.5*,.-*,.3_,.-_,.4*;.4*,.-*,.2_,.-_,.-*
Agent B plays  

Game:

       0   1   2   3   4
     --- --- --- --- --- 
 0|    *   *   _  4_   *
 1|   4_   *  5*   *   *
 2|   4*   _  5_  6*   *
 3|   5*   *  3_   _  4*
 4|   4*   *  2_   _   *

Intitial view:

       0   1   2   3   4
     --- --- --- --- --- 
 0|   .-  .-  .-  .4  .-
 1|   .4  .-  .5  .-  .-
 2|   .4  .-  .5  .6  .-
 3|   .5  .-  .3  .-  .4
 4|   .4  .-  .2  .-  .-

Start!

       0   1   2   3   4
     --- --- --- --- --- 
 0|   *-  *-  _-  _4  *-
 1|   _4  *-  *5  *-  *-
 2|   *4  _-  _5  *6  *-
 3|   *5  *-  _3  _-  *4
 4|   *4  *-  _2  _-  *-


Result: Agent wins: Game terminated and correct 

