Please enter the game spec:
.1_,.3_,.-*;.-*,.-_,.-*;.2*,.-_,.1_
Agent C1 plays  

Game:

       0   1   2
     --- --- --- 
 0|   1_  3_   *
 1|    *   _   *
 2|   2*   _  1_

Intitial view:

       0   1   2
     --- --- --- 
 0|   .1  .3  .-
 1|   .-  .-  .-
 2|   .2  .-  .1

Start!

       0   1   2
     --- --- --- 
 0|   _1  _3  *-
 1|   *-  _-  *-
 2|   *2  _-  _1


Result: Agent wins: Game terminated and correct 

