Please enter the game spec:
.1_,.3_,.-*,.2_,.-_;.-*,.-_,.-*,.3_,.-_;.3*,.-_,.3_,.5_,.-*;.4*,.-_,.3*,.-*,.-*;.-*,.-*,.3_,.4_,.-*
Agent C3 plays  

Game:

       0   1   2   3   4
     --- --- --- --- --- 
 0|   1_  3_   *  2_   _
 1|    *   _   *  3_   _
 2|   3*   _  3_  5_   *
 3|   4*   _  3*   *   *
 4|    *   *  3_  4_   *

Intitial view:

       0   1   2   3   4
     --- --- --- --- --- 
 0|   .1  .3  .-  .2  .-
 1|   .-  .-  .-  .3  .-
 2|   .3  .-  .3  .5  .-
 3|   .4  .-  .3  .-  .-
 4|   .-  .-  .3  .4  .-

Start!

       0   1   2   3   4
     --- --- --- --- --- 
 0|   _1  _3  *-  _2  _-
 1|   *-  _-  *-  _3  _-
 2|   *3  _-  _3  _5  *-
 3|   *4  _-  *3  *-  *-
 4|   *-  *-  _3  _4  *-


Result: Agent wins: Game terminated and correct 

